{"timestamp": "2026-01-01T10:08:50.324234", "level": "ERROR", "logger": "src.api.v1.chat", "message": "Error processing chat request: 'QdrantClient' object has no attribute 'search'", "module": "chat", "function": "chat_endpoint", "line": 101}
{"timestamp": "2026-01-01T10:09:03.917053", "level": "ERROR", "logger": "src.api.v1.chat", "message": "Error processing chat request: headers: {'access-control-expose-headers': 'X-Debug-Trace-ID', 'cache-control': 'no-cache, no-store, no-transform, must-revalidate, private, max-age=0', 'content-encoding': 'gzip', 'content-type': 'application/json', 'expires': 'Thu, 01 Jan 1970 00:00:00 GMT', 'pragma': 'no-cache', 'vary': 'Origin,Accept-Encoding', 'x-accel-expires': '0', 'x-debug-trace-id': 'df8fe947a0440a820bca8240d1a20e64', 'date': 'Thu, 01 Jan 2026 10:09:01 GMT', 'x-envoy-upstream-service-time': '18', 'server': 'envoy', 'via': '1.1 google', 'alt-svc': 'h3=\":443\"; ma=2592000,h3-29=\":443\"; ma=2592000', 'transfer-encoding': 'chunked'}, status_code: 429, body: {'id': 'f2a0c140-4b0b-406a-b40e-af64a8abaa4e', 'message': 'Please wait and try again later'}", "module": "chat", "function": "chat_endpoint", "line": 101}
{"timestamp": "2026-01-01T10:53:20.186243", "level": "INFO", "logger": "root", "message": "Collection book_content already exists", "module": "vector_store", "function": "_create_collection_if_not_exists", "line": 51}
{"timestamp": "2026-01-01T11:19:57.573471", "level": "INFO", "logger": "src.main", "message": "Application starting up...", "module": "main", "function": "startup_event", "line": 55}
{"timestamp": "2026-01-01T11:23:39.425821", "level": "INFO", "logger": "src.main", "message": "Application starting up...", "module": "main", "function": "startup_event", "line": 55}
{"timestamp": "2026-01-01T11:23:41.130872", "level": "INFO", "logger": "root", "message": "Collection book_content already exists", "module": "vector_store", "function": "_create_collection_if_not_exists", "line": 51}
{"timestamp": "2026-01-01T11:23:41.525627", "level": "INFO", "logger": "src.main", "message": "Vector store stats: {'vectors_count': 2, 'segments_count': 2, 'disk_usage': 0, 'ram_usage': 0, 'collection_name': 'book_content'}", "module": "main", "function": "startup_event", "line": 68}
{"timestamp": "2026-01-01T11:23:41.528628", "level": "INFO", "logger": "src.main", "message": "Application startup complete", "module": "main", "function": "startup_event", "line": 72}
{"timestamp": "2026-01-01T11:24:57.898840", "level": "INFO", "logger": "src.main", "message": "Application starting up...", "module": "main", "function": "startup_event", "line": 55}
{"timestamp": "2026-01-01T11:24:59.544644", "level": "INFO", "logger": "root", "message": "Collection book_content already exists", "module": "vector_store", "function": "_create_collection_if_not_exists", "line": 51}
{"timestamp": "2026-01-01T11:24:59.727359", "level": "INFO", "logger": "src.main", "message": "Vector store stats: {'vectors_count': 2, 'segments_count': 2, 'disk_usage': 0, 'ram_usage': 0, 'collection_name': 'book_content'}", "module": "main", "function": "startup_event", "line": 68}
{"timestamp": "2026-01-01T11:24:59.728359", "level": "INFO", "logger": "src.main", "message": "Application startup complete", "module": "main", "function": "startup_event", "line": 72}
{"timestamp": "2026-01-01T11:43:54.047667", "level": "INFO", "logger": "src.main", "message": "Application starting up...", "module": "main", "function": "startup_event", "line": 55}
{"timestamp": "2026-01-01T11:44:18.390495", "level": "ERROR", "logger": "root", "message": "Unexpected error when checking collection: [Errno 11001] getaddrinfo failed", "module": "vector_store", "function": "_create_collection_if_not_exists", "line": 90}
{"timestamp": "2026-01-01T11:44:18.392494", "level": "ERROR", "logger": "src.main", "message": "Error during startup: [Errno 11001] getaddrinfo failed", "module": "main", "function": "startup_event", "line": 74}
{"timestamp": "2026-01-01T11:54:06.333284", "level": "INFO", "logger": "src.main", "message": "Application starting up...", "module": "main", "function": "startup_event", "line": 55}
{"timestamp": "2026-01-01T11:54:29.411374", "level": "ERROR", "logger": "root", "message": "Unexpected error when checking collection: [Errno 11001] getaddrinfo failed", "module": "vector_store", "function": "_create_collection_if_not_exists", "line": 90}
{"timestamp": "2026-01-01T11:54:29.416370", "level": "ERROR", "logger": "src.main", "message": "Error during startup: [Errno 11001] getaddrinfo failed", "module": "main", "function": "startup_event", "line": 74}
{"timestamp": "2026-01-01T11:58:13.197667", "level": "INFO", "logger": "src.main", "message": "Application starting up...", "module": "main", "function": "startup_event", "line": 55}
{"timestamp": "2026-01-01T11:58:35.753626", "level": "ERROR", "logger": "root", "message": "Unexpected error when checking collection: [Errno 11001] getaddrinfo failed", "module": "vector_store", "function": "_create_collection_if_not_exists", "line": 90}
{"timestamp": "2026-01-01T11:58:35.755625", "level": "ERROR", "logger": "src.main", "message": "Error during startup: [Errno 11001] getaddrinfo failed", "module": "main", "function": "startup_event", "line": 74}
{"timestamp": "2026-01-01T12:02:50.926691", "level": "INFO", "logger": "src.main", "message": "Application starting up...", "module": "main", "function": "startup_event", "line": 55}
{"timestamp": "2026-01-01T12:02:52.301451", "level": "INFO", "logger": "root", "message": "Collection book_content already exists", "module": "vector_store", "function": "_create_collection_if_not_exists", "line": 51}
{"timestamp": "2026-01-01T12:02:52.450802", "level": "INFO", "logger": "src.main", "message": "Vector store stats: {'vectors_count': 2, 'segments_count': 2, 'disk_usage': 0, 'ram_usage': 0, 'collection_name': 'book_content'}", "module": "main", "function": "startup_event", "line": 68}
{"timestamp": "2026-01-01T12:02:52.451800", "level": "INFO", "logger": "src.main", "message": "Application startup complete", "module": "main", "function": "startup_event", "line": 72}
{"timestamp": "2026-01-01T12:10:02.104591", "level": "INFO", "logger": "src.main", "message": "Application starting up...", "module": "main", "function": "startup_event", "line": 55}
{"timestamp": "2026-01-01T12:10:03.472194", "level": "INFO", "logger": "root", "message": "Collection book_content already exists", "module": "vector_store", "function": "_create_collection_if_not_exists", "line": 51}
{"timestamp": "2026-01-01T12:10:03.615990", "level": "INFO", "logger": "src.main", "message": "Vector store stats: {'vectors_count': 2, 'segments_count': 2, 'disk_usage': 0, 'ram_usage': 0, 'collection_name': 'book_content'}", "module": "main", "function": "startup_event", "line": 68}
{"timestamp": "2026-01-01T12:10:03.616989", "level": "INFO", "logger": "src.main", "message": "Application startup complete", "module": "main", "function": "startup_event", "line": 72}
{"timestamp": "2026-01-01T12:38:39.593551", "level": "INFO", "logger": "root", "message": "Collection book_content already exists", "module": "vector_store", "function": "_create_collection_if_not_exists", "line": 51}
{"timestamp": "2026-01-01T12:38:39.625527", "level": "INFO", "logger": "src.main", "message": "Application starting up...", "module": "main", "function": "startup_event", "line": 58}
{"timestamp": "2026-01-01T12:38:40.411565", "level": "INFO", "logger": "root", "message": "Collection book_content already exists", "module": "vector_store", "function": "_create_collection_if_not_exists", "line": 51}
{"timestamp": "2026-01-01T12:38:40.442543", "level": "INFO", "logger": "src.main", "message": "Application starting up...", "module": "main", "function": "startup_event", "line": 58}
{"timestamp": "2026-01-01T12:38:41.753267", "level": "INFO", "logger": "root", "message": "Collection book_content already exists", "module": "vector_store", "function": "_create_collection_if_not_exists", "line": 51}
{"timestamp": "2026-01-01T12:38:41.962903", "level": "INFO", "logger": "src.main", "message": "Vector store stats: {'vectors_count': 2, 'segments_count': 2, 'disk_usage': 0, 'ram_usage': 0, 'collection_name': 'book_content'}", "module": "main", "function": "startup_event", "line": 71}
{"timestamp": "2026-01-01T12:38:41.964900", "level": "INFO", "logger": "src.main", "message": "Application startup complete", "module": "main", "function": "startup_event", "line": 75}
{"timestamp": "2026-01-01T12:38:42.896557", "level": "INFO", "logger": "root", "message": "Collection book_content already exists", "module": "vector_store", "function": "_create_collection_if_not_exists", "line": 51}
{"timestamp": "2026-01-01T12:38:43.815263", "level": "INFO", "logger": "src.main", "message": "Vector store stats: {'vectors_count': 2, 'segments_count': 2, 'disk_usage': 0, 'ram_usage': 0, 'collection_name': 'book_content'}", "module": "main", "function": "startup_event", "line": 71}
{"timestamp": "2026-01-01T12:38:43.816263", "level": "INFO", "logger": "src.main", "message": "Application startup complete", "module": "main", "function": "startup_event", "line": 75}
{"timestamp": "2026-01-01T12:41:26.705579", "level": "INFO", "logger": "root", "message": "Collection book_content already exists", "module": "vector_store", "function": "_create_collection_if_not_exists", "line": 51}
{"timestamp": "2026-01-01T12:41:26.741555", "level": "INFO", "logger": "src.main", "message": "Application starting up...", "module": "main", "function": "startup_event", "line": 58}
{"timestamp": "2026-01-01T12:41:29.129861", "level": "INFO", "logger": "root", "message": "Collection book_content already exists", "module": "vector_store", "function": "_create_collection_if_not_exists", "line": 51}
{"timestamp": "2026-01-01T12:41:29.417616", "level": "INFO", "logger": "src.main", "message": "Vector store stats: {'vectors_count': 2, 'segments_count': 2, 'disk_usage': 0, 'ram_usage': 0, 'collection_name': 'book_content'}", "module": "main", "function": "startup_event", "line": 71}
{"timestamp": "2026-01-01T12:41:29.418616", "level": "INFO", "logger": "src.main", "message": "Application startup complete", "module": "main", "function": "startup_event", "line": 75}
{"timestamp": "2026-01-01T12:52:46.996383", "level": "INFO", "logger": "root", "message": "Collection book_content already exists", "module": "vector_store", "function": "_create_collection_if_not_exists", "line": 51}
{"timestamp": "2026-01-01T12:52:47.051348", "level": "INFO", "logger": "src.main", "message": "Application starting up...", "module": "main", "function": "startup_event", "line": 58}
{"timestamp": "2026-01-01T12:52:51.579863", "level": "INFO", "logger": "root", "message": "Collection book_content already exists", "module": "vector_store", "function": "_create_collection_if_not_exists", "line": 51}
{"timestamp": "2026-01-01T12:52:54.682107", "level": "INFO", "logger": "src.main", "message": "Vector store stats: {'vectors_count': 2, 'segments_count': 2, 'disk_usage': 0, 'ram_usage': 0, 'collection_name': 'book_content'}", "module": "main", "function": "startup_event", "line": 71}
{"timestamp": "2026-01-01T12:52:54.683106", "level": "INFO", "logger": "src.main", "message": "Application startup complete", "module": "main", "function": "startup_event", "line": 75}
{"timestamp": "2026-01-01T12:58:58.390145", "level": "INFO", "logger": "root", "message": "Collection book_content already exists", "module": "vector_store", "function": "_create_collection_if_not_exists", "line": 51}
{"timestamp": "2026-01-01T12:58:58.455106", "level": "INFO", "logger": "src.main", "message": "Application starting up...", "module": "main", "function": "startup_event", "line": 58}
{"timestamp": "2026-01-01T12:59:01.595860", "level": "INFO", "logger": "root", "message": "Collection book_content already exists", "module": "vector_store", "function": "_create_collection_if_not_exists", "line": 51}
{"timestamp": "2026-01-01T12:59:01.932495", "level": "INFO", "logger": "src.main", "message": "Vector store stats: {'vectors_count': 2, 'segments_count': 2, 'disk_usage': 0, 'ram_usage': 0, 'collection_name': 'book_content'}", "module": "main", "function": "startup_event", "line": 71}
{"timestamp": "2026-01-01T12:59:01.933493", "level": "INFO", "logger": "src.main", "message": "Application startup complete", "module": "main", "function": "startup_event", "line": 75}
{"timestamp": "2026-01-01T13:00:37.620065", "level": "INFO", "logger": "root", "message": "Collection book_content already exists", "module": "vector_store", "function": "_create_collection_if_not_exists", "line": 51}
{"timestamp": "2026-01-01T13:00:37.653045", "level": "INFO", "logger": "src.main", "message": "Application starting up...", "module": "main", "function": "startup_event", "line": 58}
{"timestamp": "2026-01-01T13:00:47.570481", "level": "INFO", "logger": "root", "message": "Collection book_content already exists", "module": "vector_store", "function": "_create_collection_if_not_exists", "line": 51}
{"timestamp": "2026-01-01T13:00:50.179648", "level": "INFO", "logger": "src.main", "message": "Vector store stats: {'vectors_count': 2, 'segments_count': 2, 'disk_usage': 0, 'ram_usage': 0, 'collection_name': 'book_content'}", "module": "main", "function": "startup_event", "line": 71}
{"timestamp": "2026-01-01T13:00:50.181645", "level": "INFO", "logger": "src.main", "message": "Application startup complete", "module": "main", "function": "startup_event", "line": 75}
{"timestamp": "2026-01-01T13:02:25.965649", "level": "INFO", "logger": "root", "message": "Collection book_content already exists", "module": "vector_store", "function": "_create_collection_if_not_exists", "line": 51}
{"timestamp": "2026-01-01T13:02:26.038604", "level": "INFO", "logger": "src.main", "message": "Application starting up...", "module": "main", "function": "startup_event", "line": 58}
{"timestamp": "2026-01-01T13:02:28.671567", "level": "INFO", "logger": "root", "message": "Collection book_content already exists", "module": "vector_store", "function": "_create_collection_if_not_exists", "line": 51}
{"timestamp": "2026-01-01T13:02:28.806483", "level": "INFO", "logger": "src.main", "message": "Vector store stats: {'vectors_count': 2, 'segments_count': 2, 'disk_usage': 0, 'ram_usage': 0, 'collection_name': 'book_content'}", "module": "main", "function": "startup_event", "line": 71}
{"timestamp": "2026-01-01T13:02:28.808482", "level": "INFO", "logger": "src.main", "message": "Application startup complete", "module": "main", "function": "startup_event", "line": 75}
{"timestamp": "2026-01-01T13:03:41.598401", "level": "INFO", "logger": "root", "message": "Collection book_content already exists", "module": "vector_store", "function": "_create_collection_if_not_exists", "line": 51}
{"timestamp": "2026-01-01T13:03:41.850245", "level": "INFO", "logger": "src.main", "message": "Application starting up...", "module": "main", "function": "startup_event", "line": 58}
{"timestamp": "2026-01-01T13:03:43.080329", "level": "INFO", "logger": "root", "message": "Collection book_content already exists", "module": "vector_store", "function": "_create_collection_if_not_exists", "line": 51}
{"timestamp": "2026-01-01T13:03:43.235235", "level": "INFO", "logger": "src.main", "message": "Vector store stats: {'vectors_count': 2, 'segments_count': 2, 'disk_usage': 0, 'ram_usage': 0, 'collection_name': 'book_content'}", "module": "main", "function": "startup_event", "line": 71}
{"timestamp": "2026-01-01T13:03:43.237234", "level": "INFO", "logger": "src.main", "message": "Application startup complete", "module": "main", "function": "startup_event", "line": 75}
{"timestamp": "2026-01-01T13:04:15.667111", "level": "INFO", "logger": "root", "message": "Collection book_content already exists", "module": "vector_store", "function": "_create_collection_if_not_exists", "line": 51}
{"timestamp": "2026-01-01T13:04:15.702089", "level": "INFO", "logger": "src.main", "message": "Application starting up...", "module": "main", "function": "startup_event", "line": 58}
{"timestamp": "2026-01-01T13:04:16.753521", "level": "INFO", "logger": "root", "message": "Collection book_content already exists", "module": "vector_store", "function": "_create_collection_if_not_exists", "line": 51}
{"timestamp": "2026-01-01T13:04:16.942544", "level": "INFO", "logger": "src.main", "message": "Vector store stats: {'vectors_count': 2, 'segments_count': 2, 'disk_usage': 0, 'ram_usage': 0, 'collection_name': 'book_content'}", "module": "main", "function": "startup_event", "line": 71}
{"timestamp": "2026-01-01T13:04:16.943543", "level": "INFO", "logger": "src.main", "message": "Application startup complete", "module": "main", "function": "startup_event", "line": 75}
{"timestamp": "2026-01-01T13:05:13.584740", "level": "INFO", "logger": "root", "message": "Collection book_content already exists", "module": "vector_store", "function": "_create_collection_if_not_exists", "line": 51}
{"timestamp": "2026-01-01T13:05:13.647703", "level": "INFO", "logger": "src.main", "message": "Application starting up...", "module": "main", "function": "startup_event", "line": 58}
{"timestamp": "2026-01-01T13:05:15.188906", "level": "INFO", "logger": "root", "message": "Collection book_content already exists", "module": "vector_store", "function": "_create_collection_if_not_exists", "line": 51}
{"timestamp": "2026-01-01T13:05:15.348886", "level": "INFO", "logger": "src.main", "message": "Vector store stats: {'vectors_count': 2, 'segments_count': 2, 'disk_usage': 0, 'ram_usage': 0, 'collection_name': 'book_content'}", "module": "main", "function": "startup_event", "line": 71}
{"timestamp": "2026-01-01T13:05:15.349885", "level": "INFO", "logger": "src.main", "message": "Application startup complete", "module": "main", "function": "startup_event", "line": 75}
{"timestamp": "2026-01-01T13:09:40.860009", "level": "INFO", "logger": "root", "message": "Collection book_content already exists", "module": "vector_store", "function": "_create_collection_if_not_exists", "line": 51}
{"timestamp": "2026-01-01T13:09:40.891989", "level": "INFO", "logger": "src.main", "message": "Application starting up...", "module": "main", "function": "startup_event", "line": 58}
{"timestamp": "2026-01-01T13:09:42.367354", "level": "INFO", "logger": "root", "message": "Collection book_content already exists", "module": "vector_store", "function": "_create_collection_if_not_exists", "line": 51}
{"timestamp": "2026-01-01T13:09:42.620156", "level": "INFO", "logger": "src.main", "message": "Vector store stats: {'vectors_count': 2, 'segments_count': 2, 'disk_usage': 0, 'ram_usage': 0, 'collection_name': 'book_content'}", "module": "main", "function": "startup_event", "line": 71}
{"timestamp": "2026-01-01T13:09:42.621155", "level": "INFO", "logger": "src.main", "message": "Application startup complete", "module": "main", "function": "startup_event", "line": 75}
{"timestamp": "2026-01-01T13:11:29.784620", "level": "INFO", "logger": "root", "message": "Collection book_content already exists", "module": "vector_store", "function": "_create_collection_if_not_exists", "line": 51}
{"timestamp": "2026-01-01T13:11:30.596117", "level": "INFO", "logger": "src.main", "message": "Application starting up...", "module": "main", "function": "startup_event", "line": 59}
{"timestamp": "2026-01-01T13:11:35.369962", "level": "INFO", "logger": "root", "message": "Collection book_content already exists", "module": "vector_store", "function": "_create_collection_if_not_exists", "line": 51}
{"timestamp": "2026-01-01T13:11:35.547570", "level": "INFO", "logger": "src.main", "message": "Vector store stats: {'vectors_count': 2, 'segments_count': 2, 'disk_usage': 0, 'ram_usage': 0, 'collection_name': 'book_content'}", "module": "main", "function": "startup_event", "line": 72}
{"timestamp": "2026-01-01T13:11:35.549569", "level": "INFO", "logger": "src.main", "message": "Application startup complete", "module": "main", "function": "startup_event", "line": 76}
{"timestamp": "2026-01-01T13:11:44.479774", "level": "INFO", "logger": "root", "message": "Collection book_content already exists", "module": "vector_store", "function": "_create_collection_if_not_exists", "line": 51}
{"timestamp": "2026-01-01T13:11:45.888902", "level": "INFO", "logger": "src.main", "message": "Application starting up...", "module": "main", "function": "startup_event", "line": 58}
{"timestamp": "2026-01-01T13:11:47.940632", "level": "INFO", "logger": "root", "message": "Collection book_content already exists", "module": "vector_store", "function": "_create_collection_if_not_exists", "line": 51}
{"timestamp": "2026-01-01T13:11:48.096535", "level": "INFO", "logger": "src.main", "message": "Vector store stats: {'vectors_count': 2, 'segments_count': 2, 'disk_usage': 0, 'ram_usage': 0, 'collection_name': 'book_content'}", "module": "main", "function": "startup_event", "line": 71}
{"timestamp": "2026-01-01T13:11:48.097535", "level": "INFO", "logger": "src.main", "message": "Application startup complete", "module": "main", "function": "startup_event", "line": 75}
{"timestamp": "2026-01-01T13:12:48.571729", "level": "INFO", "logger": "root", "message": "Collection book_content already exists", "module": "vector_store", "function": "_create_collection_if_not_exists", "line": 51}
{"timestamp": "2026-01-01T13:12:48.602709", "level": "INFO", "logger": "src.main", "message": "Application starting up...", "module": "main", "function": "startup_event", "line": 59}
{"timestamp": "2026-01-01T13:12:49.705710", "level": "INFO", "logger": "root", "message": "Collection book_content already exists", "module": "vector_store", "function": "_create_collection_if_not_exists", "line": 51}
{"timestamp": "2026-01-01T13:12:49.868610", "level": "INFO", "logger": "src.main", "message": "Vector store stats: {'vectors_count': 2, 'segments_count': 2, 'disk_usage': 0, 'ram_usage': 0, 'collection_name': 'book_content'}", "module": "main", "function": "startup_event", "line": 72}
{"timestamp": "2026-01-01T13:12:49.870608", "level": "INFO", "logger": "src.main", "message": "Application startup complete", "module": "main", "function": "startup_event", "line": 76}
{"timestamp": "2026-01-01T13:12:59.762551", "level": "INFO", "logger": "root", "message": "Collection book_content already exists", "module": "vector_store", "function": "_create_collection_if_not_exists", "line": 51}
{"timestamp": "2026-01-01T13:12:59.795531", "level": "INFO", "logger": "src.main", "message": "Application starting up...", "module": "main", "function": "startup_event", "line": 58}
{"timestamp": "2026-01-01T13:13:01.302483", "level": "INFO", "logger": "root", "message": "Collection book_content already exists", "module": "vector_store", "function": "_create_collection_if_not_exists", "line": 51}
{"timestamp": "2026-01-01T13:13:01.524344", "level": "INFO", "logger": "src.main", "message": "Vector store stats: {'vectors_count': 2, 'segments_count': 2, 'disk_usage': 0, 'ram_usage': 0, 'collection_name': 'book_content'}", "module": "main", "function": "startup_event", "line": 71}
{"timestamp": "2026-01-01T13:13:01.526343", "level": "INFO", "logger": "src.main", "message": "Application startup complete", "module": "main", "function": "startup_event", "line": 75}
{"timestamp": "2026-01-01T13:13:09.631216", "level": "INFO", "logger": "root", "message": "Collection book_content already exists", "module": "vector_store", "function": "_create_collection_if_not_exists", "line": 51}
{"timestamp": "2026-01-01T13:13:09.686184", "level": "INFO", "logger": "src.main", "message": "Application starting up...", "module": "main", "function": "startup_event", "line": 58}
{"timestamp": "2026-01-01T13:13:11.570300", "level": "INFO", "logger": "root", "message": "Collection book_content already exists", "module": "vector_store", "function": "_create_collection_if_not_exists", "line": 51}
{"timestamp": "2026-01-01T13:13:11.793012", "level": "INFO", "logger": "src.main", "message": "Vector store stats: {'vectors_count': 2, 'segments_count': 2, 'disk_usage': 0, 'ram_usage': 0, 'collection_name': 'book_content'}", "module": "main", "function": "startup_event", "line": 71}
{"timestamp": "2026-01-01T13:13:11.794011", "level": "INFO", "logger": "src.main", "message": "Application startup complete", "module": "main", "function": "startup_event", "line": 75}
{"timestamp": "2026-01-01T17:09:50.671180", "level": "INFO", "logger": "root", "message": "Collection book_content already exists", "module": "vector_store", "function": "_create_collection_if_not_exists", "line": 51}
{"timestamp": "2026-01-01T17:09:50.732144", "level": "INFO", "logger": "src.main", "message": "Application starting up...", "module": "main", "function": "startup_event", "line": 58}
{"timestamp": "2026-01-01T17:09:52.051245", "level": "INFO", "logger": "root", "message": "Collection book_content already exists", "module": "vector_store", "function": "_create_collection_if_not_exists", "line": 51}
{"timestamp": "2026-01-01T17:09:52.248123", "level": "INFO", "logger": "src.main", "message": "Vector store stats: {'vectors_count': 16, 'segments_count': 2, 'disk_usage': 0, 'ram_usage': 0, 'collection_name': 'book_content'}", "module": "main", "function": "startup_event", "line": 71}
{"timestamp": "2026-01-01T17:09:52.249121", "level": "INFO", "logger": "src.main", "message": "Application startup complete", "module": "main", "function": "startup_event", "line": 75}
{"timestamp": "2026-01-01T17:11:58.266079", "level": "INFO", "logger": "root", "message": "Collection book_content already exists", "module": "vector_store", "function": "_create_collection_if_not_exists", "line": 51}
{"timestamp": "2026-01-01T17:11:58.314050", "level": "INFO", "logger": "src.main", "message": "Application starting up...", "module": "main", "function": "startup_event", "line": 58}
{"timestamp": "2026-01-01T17:12:01.021107", "level": "INFO", "logger": "root", "message": "Collection book_content already exists", "module": "vector_store", "function": "_create_collection_if_not_exists", "line": 51}
{"timestamp": "2026-01-01T17:12:01.250964", "level": "INFO", "logger": "src.main", "message": "Vector store stats: {'vectors_count': 22, 'segments_count': 2, 'disk_usage': 0, 'ram_usage': 0, 'collection_name': 'book_content'}", "module": "main", "function": "startup_event", "line": 71}
{"timestamp": "2026-01-01T17:12:01.253963", "level": "INFO", "logger": "src.main", "message": "Application startup complete", "module": "main", "function": "startup_event", "line": 75}
{"timestamp": "2026-01-01T17:12:12.789222", "level": "ERROR", "logger": "src.api.v1.chat", "message": "Error processing chat request: 'Conversation' object has no attribute 'last_accessed'", "module": "chat", "function": "chat_endpoint", "line": 101}
{"timestamp": "2026-01-01T17:12:21.965149", "level": "INFO", "logger": "root", "message": "Collection book_content already exists", "module": "vector_store", "function": "_create_collection_if_not_exists", "line": 51}
{"timestamp": "2026-01-01T17:12:22.033107", "level": "INFO", "logger": "src.main", "message": "Application starting up...", "module": "main", "function": "startup_event", "line": 58}
{"timestamp": "2026-01-01T17:12:23.434089", "level": "INFO", "logger": "root", "message": "Collection book_content already exists", "module": "vector_store", "function": "_create_collection_if_not_exists", "line": 51}
{"timestamp": "2026-01-01T17:12:23.649956", "level": "INFO", "logger": "src.main", "message": "Vector store stats: {'vectors_count': 22, 'segments_count': 2, 'disk_usage': 0, 'ram_usage': 0, 'collection_name': 'book_content'}", "module": "main", "function": "startup_event", "line": 71}
{"timestamp": "2026-01-01T17:12:23.656951", "level": "INFO", "logger": "src.main", "message": "Application startup complete", "module": "main", "function": "startup_event", "line": 75}
{"timestamp": "2026-01-01T17:13:02.289216", "level": "INFO", "logger": "root", "message": "Collection book_content already exists", "module": "vector_store", "function": "_create_collection_if_not_exists", "line": 51}
{"timestamp": "2026-01-01T17:13:02.530068", "level": "INFO", "logger": "src.main", "message": "Application starting up...", "module": "main", "function": "startup_event", "line": 58}
{"timestamp": "2026-01-01T17:13:04.217141", "level": "INFO", "logger": "root", "message": "Collection book_content already exists", "module": "vector_store", "function": "_create_collection_if_not_exists", "line": 51}
{"timestamp": "2026-01-01T17:13:04.590318", "level": "INFO", "logger": "src.main", "message": "Vector store stats: {'vectors_count': 23, 'segments_count': 2, 'disk_usage': 0, 'ram_usage': 0, 'collection_name': 'book_content'}", "module": "main", "function": "startup_event", "line": 71}
{"timestamp": "2026-01-01T17:13:04.591318", "level": "INFO", "logger": "src.main", "message": "Application startup complete", "module": "main", "function": "startup_event", "line": 75}
{"timestamp": "2026-01-01T17:14:17.817029", "level": "INFO", "logger": "root", "message": "Collection book_content already exists", "module": "vector_store", "function": "_create_collection_if_not_exists", "line": 51}
{"timestamp": "2026-01-01T17:14:17.884987", "level": "INFO", "logger": "src.main", "message": "Application starting up...", "module": "main", "function": "startup_event", "line": 58}
{"timestamp": "2026-01-01T17:14:21.175682", "level": "INFO", "logger": "root", "message": "Collection book_content already exists", "module": "vector_store", "function": "_create_collection_if_not_exists", "line": 51}
{"timestamp": "2026-01-01T17:14:21.349575", "level": "INFO", "logger": "src.main", "message": "Vector store stats: {'vectors_count': 26, 'segments_count': 2, 'disk_usage': 0, 'ram_usage': 0, 'collection_name': 'book_content'}", "module": "main", "function": "startup_event", "line": 71}
{"timestamp": "2026-01-01T17:14:21.350573", "level": "INFO", "logger": "src.main", "message": "Application startup complete", "module": "main", "function": "startup_event", "line": 75}
{"timestamp": "2026-01-01T17:15:40.948393", "level": "ERROR", "logger": "src.api.v1.chat", "message": "Error processing chat request: 'Conversation' object has no attribute 'last_accessed'", "module": "chat", "function": "chat_endpoint", "line": 101}
{"timestamp": "2026-01-01T17:19:02.659647", "level": "INFO", "logger": "root", "message": "Collection book_content already exists", "module": "vector_store", "function": "_create_collection_if_not_exists", "line": 51}
{"timestamp": "2026-01-01T17:19:02.703621", "level": "INFO", "logger": "src.main", "message": "Application starting up...", "module": "main", "function": "startup_event", "line": 58}
{"timestamp": "2026-01-01T17:19:04.207459", "level": "INFO", "logger": "root", "message": "Collection book_content already exists", "module": "vector_store", "function": "_create_collection_if_not_exists", "line": 51}
{"timestamp": "2026-01-01T17:19:04.394533", "level": "INFO", "logger": "src.main", "message": "Vector store stats: {'vectors_count': 37, 'segments_count': 2, 'disk_usage': 0, 'ram_usage': 0, 'collection_name': 'book_content'}", "module": "main", "function": "startup_event", "line": 71}
{"timestamp": "2026-01-01T17:19:04.395533", "level": "INFO", "logger": "src.main", "message": "Application startup complete", "module": "main", "function": "startup_event", "line": 75}
{"timestamp": "2026-01-01T17:20:37.092311", "level": "INFO", "logger": "root", "message": "Collection book_content already exists", "module": "vector_store", "function": "_create_collection_if_not_exists", "line": 51}
{"timestamp": "2026-01-01T17:20:39.323163", "level": "ERROR", "logger": "src.api.v1.chat", "message": "Error processing chat request: 'QdrantClient' object has no attribute 'search'", "module": "chat", "function": "chat_endpoint", "line": 101}
{"timestamp": "2026-01-01T17:25:31.018790", "level": "INFO", "logger": "root", "message": "Collection book_content already exists", "module": "vector_store", "function": "_create_collection_if_not_exists", "line": 51}
{"timestamp": "2026-01-01T17:25:31.071758", "level": "INFO", "logger": "src.main", "message": "Application starting up...", "module": "main", "function": "startup_event", "line": 58}
{"timestamp": "2026-01-01T17:25:34.813959", "level": "INFO", "logger": "root", "message": "Collection book_content already exists", "module": "vector_store", "function": "_create_collection_if_not_exists", "line": 51}
{"timestamp": "2026-01-01T17:25:35.200146", "level": "INFO", "logger": "src.main", "message": "Vector store stats: {'vectors_count': 51, 'segments_count': 2, 'disk_usage': 0, 'ram_usage': 0, 'collection_name': 'book_content'}", "module": "main", "function": "startup_event", "line": 71}
{"timestamp": "2026-01-01T17:25:35.201146", "level": "INFO", "logger": "src.main", "message": "Application startup complete", "module": "main", "function": "startup_event", "line": 75}
{"timestamp": "2026-01-01T17:29:08.199890", "level": "INFO", "logger": "root", "message": "Collection book_content already exists", "module": "vector_store", "function": "_create_collection_if_not_exists", "line": 51}
{"timestamp": "2026-01-01T17:29:20.522844", "level": "ERROR", "logger": "src.api.v1.chat", "message": "Error processing chat request: 'QdrantClient' object has no attribute 'search'", "module": "chat", "function": "chat_endpoint", "line": 101}
{"timestamp": "2026-01-01T17:42:49.209823", "level": "INFO", "logger": "root", "message": "Collection book_content already exists", "module": "vector_store", "function": "_create_collection_if_not_exists", "line": 51}
{"timestamp": "2026-01-01T17:42:49.258795", "level": "INFO", "logger": "src.main", "message": "Application starting up...", "module": "main", "function": "startup_event", "line": 58}
{"timestamp": "2026-01-01T17:42:50.639540", "level": "INFO", "logger": "root", "message": "Collection book_content already exists", "module": "vector_store", "function": "_create_collection_if_not_exists", "line": 51}
{"timestamp": "2026-01-01T17:42:50.853408", "level": "INFO", "logger": "src.main", "message": "Vector store stats: {'vectors_count': 64, 'segments_count': 2, 'disk_usage': 0, 'ram_usage': 0, 'collection_name': 'book_content'}", "module": "main", "function": "startup_event", "line": 71}
{"timestamp": "2026-01-01T17:42:50.854406", "level": "INFO", "logger": "src.main", "message": "Application startup complete", "module": "main", "function": "startup_event", "line": 75}
{"timestamp": "2026-01-01T19:35:45.833308", "level": "INFO", "logger": "root", "message": "Collection book_content already exists", "module": "vector_store", "function": "_create_collection_if_not_exists", "line": 51}
{"timestamp": "2026-01-01T19:38:01.285517", "level": "INFO", "logger": "root", "message": "Collection book_content already exists", "module": "vector_store", "function": "_create_collection_if_not_exists", "line": 51}
{"timestamp": "2026-01-01T19:38:01.639133", "level": "INFO", "logger": "src.main", "message": "Application starting up...", "module": "main", "function": "startup_event", "line": 58}
{"timestamp": "2026-01-01T19:38:03.181875", "level": "INFO", "logger": "root", "message": "Collection book_content already exists", "module": "vector_store", "function": "_create_collection_if_not_exists", "line": 51}
{"timestamp": "2026-01-01T19:38:03.362779", "level": "INFO", "logger": "src.main", "message": "Vector store stats: {'vectors_count': 69, 'segments_count': 2, 'disk_usage': 0, 'ram_usage': 0, 'collection_name': 'book_content'}", "module": "main", "function": "startup_event", "line": 71}
{"timestamp": "2026-01-01T19:38:03.363779", "level": "INFO", "logger": "src.main", "message": "Application startup complete", "module": "main", "function": "startup_event", "line": 75}
{"timestamp": "2026-01-01T19:38:13.528072", "level": "INFO", "logger": "root", "message": "Collection book_content already exists", "module": "vector_store", "function": "_create_collection_if_not_exists", "line": 51}
{"timestamp": "2026-01-01T19:38:18.678345", "level": "ERROR", "logger": "src.api.v1.chat", "message": "Error processing chat request: 'QdrantClient' object has no attribute 'search'", "module": "chat", "function": "chat_endpoint", "line": 101}
{"timestamp": "2026-01-02T13:38:38.545118", "level": "INFO", "logger": "root", "message": "Collection book_content already exists", "module": "vector_store", "function": "_create_collection_if_not_exists", "line": 51}
{"timestamp": "2026-01-02T13:38:38.682036", "level": "INFO", "logger": "src.main", "message": "Application starting up...", "module": "main", "function": "startup_event", "line": 58}
{"timestamp": "2026-01-02T13:38:52.952490", "level": "INFO", "logger": "root", "message": "Collection book_content already exists", "module": "vector_store", "function": "_create_collection_if_not_exists", "line": 51}
{"timestamp": "2026-01-02T13:38:56.500361", "level": "INFO", "logger": "src.main", "message": "Vector store stats: {'vectors_count': 69, 'segments_count': 2, 'disk_usage': 0, 'ram_usage': 0, 'collection_name': 'book_content'}", "module": "main", "function": "startup_event", "line": 71}
{"timestamp": "2026-01-02T13:38:56.501360", "level": "INFO", "logger": "src.main", "message": "Application startup complete", "module": "main", "function": "startup_event", "line": 75}
{"timestamp": "2026-01-02T15:01:51.554843", "level": "INFO", "logger": "root", "message": "Collection book_content already exists", "module": "vector_store", "function": "_create_collection_if_not_exists", "line": 51}
{"timestamp": "2026-01-02T15:01:52.208439", "level": "INFO", "logger": "src.main", "message": "Application starting up...", "module": "main", "function": "startup_event", "line": 58}
{"timestamp": "2026-01-02T15:01:53.853426", "level": "INFO", "logger": "root", "message": "Collection book_content already exists", "module": "vector_store", "function": "_create_collection_if_not_exists", "line": 51}
{"timestamp": "2026-01-02T15:01:54.033315", "level": "INFO", "logger": "src.main", "message": "Vector store stats: {'vectors_count': 69, 'segments_count': 2, 'disk_usage': 0, 'ram_usage': 0, 'collection_name': 'book_content'}", "module": "main", "function": "startup_event", "line": 71}
{"timestamp": "2026-01-02T15:01:54.034315", "level": "INFO", "logger": "src.main", "message": "Application startup complete", "module": "main", "function": "startup_event", "line": 75}
{"timestamp": "2026-01-02T15:02:40.199872", "level": "INFO", "logger": "root", "message": "Collection book_content already exists", "module": "vector_store", "function": "_create_collection_if_not_exists", "line": 51}
{"timestamp": "2026-01-02T18:32:40.855580", "level": "ERROR", "logger": "root", "message": "Unexpected error when checking collection: [Errno 11001] getaddrinfo failed", "module": "vector_store", "function": "_create_collection_if_not_exists", "line": 90}
{"timestamp": "2026-01-03T11:36:14.711821", "level": "INFO", "logger": "root", "message": "Collection book_content already exists", "module": "vector_store", "function": "_create_collection_if_not_exists", "line": 51}
{"timestamp": "2026-01-03T11:36:14.766785", "level": "INFO", "logger": "src.main", "message": "Application starting up...", "module": "main", "function": "startup_event", "line": 58}
{"timestamp": "2026-01-03T11:36:15.936239", "level": "INFO", "logger": "root", "message": "Collection book_content already exists", "module": "vector_store", "function": "_create_collection_if_not_exists", "line": 51}
{"timestamp": "2026-01-03T11:36:16.108861", "level": "INFO", "logger": "src.main", "message": "Vector store stats: {'vectors_count': 69, 'segments_count': 2, 'disk_usage': 0, 'ram_usage': 0, 'collection_name': 'book_content'}", "module": "main", "function": "startup_event", "line": 71}
{"timestamp": "2026-01-03T11:36:16.109862", "level": "INFO", "logger": "src.main", "message": "Application startup complete", "module": "main", "function": "startup_event", "line": 75}
{"timestamp": "2026-01-03T11:40:35.960638", "level": "INFO", "logger": "root", "message": "Collection book_content already exists", "module": "vector_store", "function": "_create_collection_if_not_exists", "line": 51}
{"timestamp": "2026-01-03T12:00:23.956290", "level": "INFO", "logger": "root", "message": "Collection book_content already exists", "module": "vector_store", "function": "_create_collection_if_not_exists", "line": 51}
{"timestamp": "2026-01-03T12:02:15.272791", "level": "INFO", "logger": "root", "message": "Collection book_content already exists", "module": "vector_store", "function": "_create_collection_if_not_exists", "line": 51}
{"timestamp": "2026-01-03T12:02:15.307770", "level": "INFO", "logger": "src.main", "message": "Application starting up...", "module": "main", "function": "startup_event", "line": 58}
{"timestamp": "2026-01-03T12:02:16.423991", "level": "INFO", "logger": "root", "message": "Collection book_content already exists", "module": "vector_store", "function": "_create_collection_if_not_exists", "line": 51}
{"timestamp": "2026-01-03T12:02:16.663990", "level": "INFO", "logger": "src.main", "message": "Vector store stats: {'vectors_count': 69, 'segments_count': 2, 'disk_usage': 0, 'ram_usage': 0, 'collection_name': 'book_content'}", "module": "main", "function": "startup_event", "line": 71}
{"timestamp": "2026-01-03T12:02:16.665989", "level": "INFO", "logger": "src.main", "message": "Application startup complete", "module": "main", "function": "startup_event", "line": 75}
{"timestamp": "2026-01-03T12:03:09.288703", "level": "INFO", "logger": "root", "message": "Collection book_content already exists", "module": "vector_store", "function": "_create_collection_if_not_exists", "line": 51}
{"timestamp": "2026-01-03T12:03:09.316685", "level": "INFO", "logger": "src.main", "message": "Application starting up...", "module": "main", "function": "startup_event", "line": 58}
{"timestamp": "2026-01-03T12:03:11.271832", "level": "INFO", "logger": "root", "message": "Collection book_content already exists", "module": "vector_store", "function": "_create_collection_if_not_exists", "line": 51}
{"timestamp": "2026-01-03T12:03:11.450651", "level": "INFO", "logger": "src.main", "message": "Vector store stats: {'vectors_count': 69, 'segments_count': 2, 'disk_usage': 0, 'ram_usage': 0, 'collection_name': 'book_content'}", "module": "main", "function": "startup_event", "line": 71}
{"timestamp": "2026-01-03T12:03:11.451650", "level": "INFO", "logger": "src.main", "message": "Application startup complete", "module": "main", "function": "startup_event", "line": 75}
{"timestamp": "2026-01-03T12:04:04.095405", "level": "INFO", "logger": "root", "message": "Collection book_content already exists", "module": "vector_store", "function": "_create_collection_if_not_exists", "line": 51}
{"timestamp": "2026-01-03T12:04:04.148372", "level": "INFO", "logger": "src.main", "message": "Application starting up...", "module": "main", "function": "startup_event", "line": 58}
{"timestamp": "2026-01-03T12:04:05.230498", "level": "INFO", "logger": "root", "message": "Collection book_content already exists", "module": "vector_store", "function": "_create_collection_if_not_exists", "line": 51}
{"timestamp": "2026-01-03T12:04:05.397396", "level": "INFO", "logger": "src.main", "message": "Vector store stats: {'vectors_count': 69, 'segments_count': 2, 'disk_usage': 0, 'ram_usage': 0, 'collection_name': 'book_content'}", "module": "main", "function": "startup_event", "line": 71}
{"timestamp": "2026-01-03T12:04:05.401393", "level": "INFO", "logger": "src.main", "message": "Application startup complete", "module": "main", "function": "startup_event", "line": 75}
{"timestamp": "2026-01-03T12:04:20.878157", "level": "INFO", "logger": "root", "message": "Collection book_content already exists", "module": "vector_store", "function": "_create_collection_if_not_exists", "line": 51}
{"timestamp": "2026-01-03T12:04:20.920132", "level": "INFO", "logger": "src.main", "message": "Application starting up...", "module": "main", "function": "startup_event", "line": 58}
{"timestamp": "2026-01-03T12:04:22.028301", "level": "INFO", "logger": "root", "message": "Collection book_content already exists", "module": "vector_store", "function": "_create_collection_if_not_exists", "line": 51}
{"timestamp": "2026-01-03T12:04:22.209116", "level": "INFO", "logger": "src.main", "message": "Vector store stats: {'vectors_count': 69, 'segments_count': 2, 'disk_usage': 0, 'ram_usage': 0, 'collection_name': 'book_content'}", "module": "main", "function": "startup_event", "line": 71}
{"timestamp": "2026-01-03T12:04:22.210116", "level": "INFO", "logger": "src.main", "message": "Application startup complete", "module": "main", "function": "startup_event", "line": 75}
{"timestamp": "2026-01-03T12:04:37.851944", "level": "INFO", "logger": "root", "message": "Collection book_content already exists", "module": "vector_store", "function": "_create_collection_if_not_exists", "line": 51}
{"timestamp": "2026-01-03T12:04:37.980864", "level": "INFO", "logger": "src.main", "message": "Application starting up...", "module": "main", "function": "startup_event", "line": 58}
{"timestamp": "2026-01-03T12:04:39.586943", "level": "INFO", "logger": "root", "message": "Collection book_content already exists", "module": "vector_store", "function": "_create_collection_if_not_exists", "line": 51}
{"timestamp": "2026-01-03T12:04:39.759836", "level": "INFO", "logger": "src.main", "message": "Vector store stats: {'vectors_count': 69, 'segments_count': 2, 'disk_usage': 0, 'ram_usage': 0, 'collection_name': 'book_content'}", "module": "main", "function": "startup_event", "line": 71}
{"timestamp": "2026-01-03T12:04:39.760836", "level": "INFO", "logger": "src.main", "message": "Application startup complete", "module": "main", "function": "startup_event", "line": 75}
{"timestamp": "2026-01-03T12:04:50.084427", "level": "INFO", "logger": "root", "message": "Collection book_content already exists", "module": "vector_store", "function": "_create_collection_if_not_exists", "line": 51}
{"timestamp": "2026-01-03T12:04:50.131397", "level": "INFO", "logger": "src.main", "message": "Application starting up...", "module": "main", "function": "startup_event", "line": 58}
{"timestamp": "2026-01-03T12:04:51.573047", "level": "INFO", "logger": "root", "message": "Collection book_content already exists", "module": "vector_store", "function": "_create_collection_if_not_exists", "line": 51}
{"timestamp": "2026-01-03T12:04:51.752937", "level": "INFO", "logger": "src.main", "message": "Vector store stats: {'vectors_count': 69, 'segments_count': 2, 'disk_usage': 0, 'ram_usage': 0, 'collection_name': 'book_content'}", "module": "main", "function": "startup_event", "line": 71}
{"timestamp": "2026-01-03T12:04:51.756934", "level": "INFO", "logger": "src.main", "message": "Application startup complete", "module": "main", "function": "startup_event", "line": 75}
{"timestamp": "2026-01-03T12:05:16.915326", "level": "INFO", "logger": "root", "message": "Collection book_content already exists", "module": "vector_store", "function": "_create_collection_if_not_exists", "line": 51}
{"timestamp": "2026-01-03T12:05:16.956302", "level": "INFO", "logger": "src.main", "message": "Application starting up...", "module": "main", "function": "startup_event", "line": 58}
{"timestamp": "2026-01-03T12:05:18.059338", "level": "INFO", "logger": "root", "message": "Collection book_content already exists", "module": "vector_store", "function": "_create_collection_if_not_exists", "line": 51}
{"timestamp": "2026-01-03T12:05:18.237417", "level": "INFO", "logger": "src.main", "message": "Vector store stats: {'vectors_count': 69, 'segments_count': 2, 'disk_usage': 0, 'ram_usage': 0, 'collection_name': 'book_content'}", "module": "main", "function": "startup_event", "line": 71}
{"timestamp": "2026-01-03T12:05:18.239416", "level": "INFO", "logger": "src.main", "message": "Application startup complete", "module": "main", "function": "startup_event", "line": 75}
{"timestamp": "2026-01-03T12:06:39.627697", "level": "INFO", "logger": "root", "message": "Collection book_content already exists", "module": "vector_store", "function": "_create_collection_if_not_exists", "line": 51}
{"timestamp": "2026-01-03T12:06:39.663673", "level": "INFO", "logger": "src.main", "message": "Application starting up...", "module": "main", "function": "startup_event", "line": 58}
{"timestamp": "2026-01-03T12:06:41.791543", "level": "INFO", "logger": "root", "message": "Collection book_content already exists", "module": "vector_store", "function": "_create_collection_if_not_exists", "line": 51}
{"timestamp": "2026-01-03T12:06:41.964552", "level": "INFO", "logger": "src.main", "message": "Vector store stats: {'vectors_count': 69, 'segments_count': 2, 'disk_usage': 0, 'ram_usage': 0, 'collection_name': 'book_content'}", "module": "main", "function": "startup_event", "line": 71}
{"timestamp": "2026-01-03T12:06:41.967550", "level": "INFO", "logger": "src.main", "message": "Application startup complete", "module": "main", "function": "startup_event", "line": 75}
{"timestamp": "2026-01-03T12:08:18.136484", "level": "INFO", "logger": "root", "message": "Collection book_content already exists", "module": "vector_store", "function": "_create_collection_if_not_exists", "line": 51}
{"timestamp": "2026-01-03T12:08:18.202444", "level": "INFO", "logger": "src.main", "message": "Application starting up...", "module": "main", "function": "startup_event", "line": 58}
{"timestamp": "2026-01-03T12:08:19.573599", "level": "INFO", "logger": "root", "message": "Collection book_content already exists", "module": "vector_store", "function": "_create_collection_if_not_exists", "line": 51}
{"timestamp": "2026-01-03T12:08:19.743493", "level": "INFO", "logger": "src.main", "message": "Vector store stats: {'vectors_count': 69, 'segments_count': 2, 'disk_usage': 0, 'ram_usage': 0, 'collection_name': 'book_content'}", "module": "main", "function": "startup_event", "line": 71}
{"timestamp": "2026-01-03T12:08:19.744493", "level": "INFO", "logger": "src.main", "message": "Application startup complete", "module": "main", "function": "startup_event", "line": 75}
{"timestamp": "2026-01-03T12:15:36.520153", "level": "INFO", "logger": "root", "message": "Collection book_content already exists", "module": "vector_store", "function": "_create_collection_if_not_exists", "line": 51}
{"timestamp": "2026-01-03T12:16:48.200223", "level": "INFO", "logger": "root", "message": "Collection book_content already exists", "module": "vector_store", "function": "_create_collection_if_not_exists", "line": 51}
{"timestamp": "2026-01-03T12:16:48.237201", "level": "INFO", "logger": "src.main", "message": "Application starting up...", "module": "main", "function": "startup_event", "line": 58}
{"timestamp": "2026-01-03T12:16:49.389731", "level": "INFO", "logger": "root", "message": "Collection book_content already exists", "module": "vector_store", "function": "_create_collection_if_not_exists", "line": 51}
{"timestamp": "2026-01-03T12:16:49.533124", "level": "INFO", "logger": "src.main", "message": "Vector store stats: {'vectors_count': 69, 'segments_count': 2, 'disk_usage': 0, 'ram_usage': 0, 'collection_name': 'book_content'}", "module": "main", "function": "startup_event", "line": 71}
{"timestamp": "2026-01-03T12:16:49.536122", "level": "INFO", "logger": "src.main", "message": "Application startup complete", "module": "main", "function": "startup_event", "line": 75}
{"timestamp": "2026-01-03T12:18:31.138603", "level": "INFO", "logger": "root", "message": "Collection book_content already exists", "module": "vector_store", "function": "_create_collection_if_not_exists", "line": 51}
{"timestamp": "2026-01-03T12:18:31.205563", "level": "INFO", "logger": "src.main", "message": "Application starting up...", "module": "main", "function": "startup_event", "line": 58}
{"timestamp": "2026-01-03T12:18:32.393963", "level": "INFO", "logger": "root", "message": "Collection book_content already exists", "module": "vector_store", "function": "_create_collection_if_not_exists", "line": 51}
{"timestamp": "2026-01-03T12:18:32.538491", "level": "INFO", "logger": "src.main", "message": "Vector store stats: {'vectors_count': 69, 'segments_count': 2, 'disk_usage': 0, 'ram_usage': 0, 'collection_name': 'book_content'}", "module": "main", "function": "startup_event", "line": 71}
{"timestamp": "2026-01-03T12:18:32.540490", "level": "INFO", "logger": "src.main", "message": "Application startup complete", "module": "main", "function": "startup_event", "line": 75}
{"timestamp": "2026-01-03T12:18:53.333875", "level": "INFO", "logger": "root", "message": "Collection book_content already exists", "module": "vector_store", "function": "_create_collection_if_not_exists", "line": 51}
{"timestamp": "2026-01-03T12:18:53.382845", "level": "INFO", "logger": "src.main", "message": "Application starting up...", "module": "main", "function": "startup_event", "line": 58}
{"timestamp": "2026-01-03T12:18:54.435703", "level": "INFO", "logger": "root", "message": "Collection book_content already exists", "module": "vector_store", "function": "_create_collection_if_not_exists", "line": 51}
{"timestamp": "2026-01-03T12:18:54.598820", "level": "INFO", "logger": "src.main", "message": "Vector store stats: {'vectors_count': 69, 'segments_count': 2, 'disk_usage': 0, 'ram_usage': 0, 'collection_name': 'book_content'}", "module": "main", "function": "startup_event", "line": 71}
{"timestamp": "2026-01-03T12:18:54.599821", "level": "INFO", "logger": "src.main", "message": "Application startup complete", "module": "main", "function": "startup_event", "line": 75}
{"timestamp": "2026-01-03T12:19:22.116185", "level": "INFO", "logger": "root", "message": "Collection book_content already exists", "module": "vector_store", "function": "_create_collection_if_not_exists", "line": 51}
{"timestamp": "2026-01-03T12:19:22.234112", "level": "INFO", "logger": "src.main", "message": "Application starting up...", "module": "main", "function": "startup_event", "line": 58}
{"timestamp": "2026-01-03T12:19:23.265478", "level": "INFO", "logger": "root", "message": "Collection book_content already exists", "module": "vector_store", "function": "_create_collection_if_not_exists", "line": 51}
{"timestamp": "2026-01-03T12:19:23.492337", "level": "INFO", "logger": "src.main", "message": "Vector store stats: {'vectors_count': 69, 'segments_count': 2, 'disk_usage': 0, 'ram_usage': 0, 'collection_name': 'book_content'}", "module": "main", "function": "startup_event", "line": 71}
{"timestamp": "2026-01-03T12:19:23.493336", "level": "INFO", "logger": "src.main", "message": "Application startup complete", "module": "main", "function": "startup_event", "line": 75}
{"timestamp": "2026-01-03T12:20:16.792844", "level": "INFO", "logger": "root", "message": "Collection book_content already exists", "module": "vector_store", "function": "_create_collection_if_not_exists", "line": 51}
{"timestamp": "2026-01-03T12:20:16.852807", "level": "INFO", "logger": "src.main", "message": "Application starting up...", "module": "main", "function": "startup_event", "line": 58}
{"timestamp": "2026-01-03T12:20:17.963103", "level": "INFO", "logger": "root", "message": "Collection book_content already exists", "module": "vector_store", "function": "_create_collection_if_not_exists", "line": 51}
{"timestamp": "2026-01-03T12:20:18.166947", "level": "INFO", "logger": "src.main", "message": "Vector store stats: {'vectors_count': 69, 'segments_count': 2, 'disk_usage': 0, 'ram_usage': 0, 'collection_name': 'book_content'}", "module": "main", "function": "startup_event", "line": 71}
{"timestamp": "2026-01-03T12:20:18.167947", "level": "INFO", "logger": "src.main", "message": "Application startup complete", "module": "main", "function": "startup_event", "line": 75}
{"timestamp": "2026-01-03T12:26:12.678156", "level": "INFO", "logger": "root", "message": "Collection book_content already exists", "module": "vector_store", "function": "_create_collection_if_not_exists", "line": 51}
{"timestamp": "2026-01-03T12:26:12.766103", "level": "INFO", "logger": "src.main", "message": "Application starting up...", "module": "main", "function": "startup_event", "line": 58}
{"timestamp": "2026-01-03T12:26:18.046469", "level": "INFO", "logger": "root", "message": "Collection book_content already exists", "module": "vector_store", "function": "_create_collection_if_not_exists", "line": 51}
{"timestamp": "2026-01-03T12:26:18.207367", "level": "INFO", "logger": "src.main", "message": "Vector store stats: {'vectors_count': 69, 'segments_count': 2, 'disk_usage': 0, 'ram_usage': 0, 'collection_name': 'book_content'}", "module": "main", "function": "startup_event", "line": 71}
{"timestamp": "2026-01-03T12:26:18.209365", "level": "INFO", "logger": "src.main", "message": "Application startup complete", "module": "main", "function": "startup_event", "line": 75}
{"timestamp": "2026-01-03T12:29:02.106365", "level": "INFO", "logger": "root", "message": "Collection book_content already exists", "module": "vector_store", "function": "_create_collection_if_not_exists", "line": 51}
{"timestamp": "2026-01-03T12:36:16.051536", "level": "INFO", "logger": "root", "message": "Collection book_content already exists", "module": "vector_store", "function": "_create_collection_if_not_exists", "line": 51}
{"timestamp": "2026-01-03T12:36:16.198447", "level": "INFO", "logger": "src.main", "message": "Application starting up...", "module": "main", "function": "startup_event", "line": 58}
{"timestamp": "2026-01-03T12:36:17.238825", "level": "INFO", "logger": "root", "message": "Collection book_content already exists", "module": "vector_store", "function": "_create_collection_if_not_exists", "line": 51}
{"timestamp": "2026-01-03T12:36:17.551632", "level": "INFO", "logger": "src.main", "message": "Vector store stats: {'vectors_count': 69, 'segments_count': 2, 'disk_usage': 0, 'ram_usage': 0, 'collection_name': 'book_content'}", "module": "main", "function": "startup_event", "line": 71}
{"timestamp": "2026-01-03T12:36:17.552631", "level": "INFO", "logger": "src.main", "message": "Application startup complete", "module": "main", "function": "startup_event", "line": 75}
{"timestamp": "2026-01-03T12:37:47.481870", "level": "INFO", "logger": "root", "message": "Collection book_content already exists", "module": "vector_store", "function": "_create_collection_if_not_exists", "line": 51}
{"timestamp": "2026-01-03T12:37:47.527842", "level": "INFO", "logger": "src.main", "message": "Application starting up...", "module": "main", "function": "startup_event", "line": 58}
{"timestamp": "2026-01-03T12:37:48.436889", "level": "INFO", "logger": "root", "message": "Collection book_content already exists", "module": "vector_store", "function": "_create_collection_if_not_exists", "line": 51}
{"timestamp": "2026-01-03T12:37:48.591857", "level": "INFO", "logger": "src.main", "message": "Vector store stats: {'vectors_count': 69, 'segments_count': 2, 'disk_usage': 0, 'ram_usage': 0, 'collection_name': 'book_content'}", "module": "main", "function": "startup_event", "line": 71}
{"timestamp": "2026-01-03T12:37:48.592856", "level": "INFO", "logger": "src.main", "message": "Application startup complete", "module": "main", "function": "startup_event", "line": 75}
{"timestamp": "2026-01-03T12:38:22.753341", "level": "INFO", "logger": "root", "message": "Collection book_content already exists", "module": "vector_store", "function": "_create_collection_if_not_exists", "line": 51}
{"timestamp": "2026-01-03T12:38:22.794316", "level": "INFO", "logger": "src.main", "message": "Application starting up...", "module": "main", "function": "startup_event", "line": 58}
{"timestamp": "2026-01-03T12:38:23.756815", "level": "INFO", "logger": "root", "message": "Collection book_content already exists", "module": "vector_store", "function": "_create_collection_if_not_exists", "line": 51}
{"timestamp": "2026-01-03T12:38:23.906745", "level": "INFO", "logger": "src.main", "message": "Vector store stats: {'vectors_count': 69, 'segments_count': 2, 'disk_usage': 0, 'ram_usage': 0, 'collection_name': 'book_content'}", "module": "main", "function": "startup_event", "line": 71}
{"timestamp": "2026-01-03T12:38:23.907744", "level": "INFO", "logger": "src.main", "message": "Application startup complete", "module": "main", "function": "startup_event", "line": 75}
{"timestamp": "2026-01-03T12:39:52.523292", "level": "INFO", "logger": "root", "message": "Collection book_content already exists", "module": "vector_store", "function": "_create_collection_if_not_exists", "line": 51}
{"timestamp": "2026-01-03T12:39:52.693187", "level": "INFO", "logger": "src.main", "message": "Application starting up...", "module": "main", "function": "startup_event", "line": 58}
{"timestamp": "2026-01-03T12:39:54.059346", "level": "INFO", "logger": "root", "message": "Collection book_content already exists", "module": "vector_store", "function": "_create_collection_if_not_exists", "line": 51}
{"timestamp": "2026-01-03T12:39:54.259222", "level": "INFO", "logger": "src.main", "message": "Vector store stats: {'vectors_count': 69, 'segments_count': 2, 'disk_usage': 0, 'ram_usage': 0, 'collection_name': 'book_content'}", "module": "main", "function": "startup_event", "line": 71}
{"timestamp": "2026-01-03T12:39:54.261221", "level": "INFO", "logger": "src.main", "message": "Application startup complete", "module": "main", "function": "startup_event", "line": 75}
{"timestamp": "2026-01-03T12:40:55.626068", "level": "INFO", "logger": "root", "message": "Collection book_content already exists", "module": "vector_store", "function": "_create_collection_if_not_exists", "line": 51}
{"timestamp": "2026-01-03T12:40:55.706020", "level": "INFO", "logger": "src.main", "message": "Application starting up...", "module": "main", "function": "startup_event", "line": 58}
{"timestamp": "2026-01-03T12:40:56.768365", "level": "INFO", "logger": "root", "message": "Collection book_content already exists", "module": "vector_store", "function": "_create_collection_if_not_exists", "line": 51}
{"timestamp": "2026-01-03T12:40:56.916274", "level": "INFO", "logger": "src.main", "message": "Vector store stats: {'vectors_count': 69, 'segments_count': 2, 'disk_usage': 0, 'ram_usage': 0, 'collection_name': 'book_content'}", "module": "main", "function": "startup_event", "line": 71}
{"timestamp": "2026-01-03T12:40:56.917273", "level": "INFO", "logger": "src.main", "message": "Application startup complete", "module": "main", "function": "startup_event", "line": 75}
{"timestamp": "2026-01-03T12:43:06.193859", "level": "INFO", "logger": "root", "message": "Collection book_content already exists", "module": "vector_store", "function": "_create_collection_if_not_exists", "line": 51}
{"timestamp": "2026-01-03T12:43:06.252821", "level": "INFO", "logger": "src.main", "message": "Application starting up...", "module": "main", "function": "startup_event", "line": 58}
{"timestamp": "2026-01-03T12:43:08.649670", "level": "INFO", "logger": "root", "message": "Collection book_content already exists", "module": "vector_store", "function": "_create_collection_if_not_exists", "line": 51}
{"timestamp": "2026-01-03T12:43:08.810572", "level": "INFO", "logger": "src.main", "message": "Vector store stats: {'vectors_count': 69, 'segments_count': 2, 'disk_usage': 0, 'ram_usage': 0, 'collection_name': 'book_content'}", "module": "main", "function": "startup_event", "line": 71}
{"timestamp": "2026-01-03T12:43:08.829561", "level": "INFO", "logger": "src.main", "message": "Application startup complete", "module": "main", "function": "startup_event", "line": 75}
{"timestamp": "2026-01-03T12:43:34.467777", "level": "INFO", "logger": "root", "message": "Collection book_content already exists", "module": "vector_store", "function": "_create_collection_if_not_exists", "line": 51}
{"timestamp": "2026-01-03T12:46:43.173824", "level": "INFO", "logger": "root", "message": "Collection book_content already exists", "module": "vector_store", "function": "_create_collection_if_not_exists", "line": 51}
{"timestamp": "2026-01-03T12:46:43.232787", "level": "INFO", "logger": "src.main", "message": "Application starting up...", "module": "main", "function": "startup_event", "line": 58}
{"timestamp": "2026-01-03T12:46:44.434716", "level": "INFO", "logger": "root", "message": "Collection book_content already exists", "module": "vector_store", "function": "_create_collection_if_not_exists", "line": 51}
{"timestamp": "2026-01-03T12:46:44.602059", "level": "INFO", "logger": "src.main", "message": "Vector store stats: {'vectors_count': 69, 'segments_count': 2, 'disk_usage': 0, 'ram_usage': 0, 'collection_name': 'book_content'}", "module": "main", "function": "startup_event", "line": 71}
{"timestamp": "2026-01-03T12:46:44.623046", "level": "INFO", "logger": "src.main", "message": "Application startup complete", "module": "main", "function": "startup_event", "line": 75}
{"timestamp": "2026-01-03T12:48:50.740572", "level": "INFO", "logger": "root", "message": "Collection book_content already exists", "module": "vector_store", "function": "_create_collection_if_not_exists", "line": 51}
{"timestamp": "2026-01-03T12:48:50.774552", "level": "INFO", "logger": "src.main", "message": "Application starting up...", "module": "main", "function": "startup_event", "line": 58}
{"timestamp": "2026-01-03T12:48:51.714248", "level": "INFO", "logger": "root", "message": "Collection book_content already exists", "module": "vector_store", "function": "_create_collection_if_not_exists", "line": 51}
{"timestamp": "2026-01-03T12:48:51.992934", "level": "INFO", "logger": "src.main", "message": "Vector store stats: {'vectors_count': 69, 'segments_count': 2, 'disk_usage': 0, 'ram_usage': 0, 'collection_name': 'book_content'}", "module": "main", "function": "startup_event", "line": 71}
{"timestamp": "2026-01-03T12:48:51.994934", "level": "INFO", "logger": "src.main", "message": "Application startup complete", "module": "main", "function": "startup_event", "line": 75}
{"timestamp": "2026-01-03T12:54:19.291917", "level": "INFO", "logger": "root", "message": "Collection book_content already exists", "module": "vector_store", "function": "_create_collection_if_not_exists", "line": 51}
{"timestamp": "2026-01-03T12:54:19.348882", "level": "INFO", "logger": "src.main", "message": "Application starting up...", "module": "main", "function": "startup_event", "line": 58}
{"timestamp": "2026-01-03T12:54:20.434924", "level": "INFO", "logger": "root", "message": "Collection book_content already exists", "module": "vector_store", "function": "_create_collection_if_not_exists", "line": 51}
{"timestamp": "2026-01-03T12:54:20.587330", "level": "INFO", "logger": "src.main", "message": "Vector store stats: {'vectors_count': 69, 'segments_count': 2, 'disk_usage': 0, 'ram_usage': 0, 'collection_name': 'book_content'}", "module": "main", "function": "startup_event", "line": 71}
{"timestamp": "2026-01-03T12:54:20.589329", "level": "INFO", "logger": "src.main", "message": "Application startup complete", "module": "main", "function": "startup_event", "line": 75}
{"timestamp": "2026-01-03T12:55:25.336431", "level": "INFO", "logger": "root", "message": "Collection book_content already exists", "module": "vector_store", "function": "_create_collection_if_not_exists", "line": 51}
{"timestamp": "2026-01-04T08:44:02.255726", "level": "INFO", "logger": "root", "message": "Collection book_content already exists", "module": "vector_store", "function": "_create_collection_if_not_exists", "line": 51}
{"timestamp": "2026-01-04T08:44:02.322684", "level": "INFO", "logger": "src.main", "message": "Application starting up...", "module": "main", "function": "startup_event", "line": 58}
{"timestamp": "2026-01-04T08:44:04.327449", "level": "INFO", "logger": "root", "message": "Collection book_content already exists", "module": "vector_store", "function": "_create_collection_if_not_exists", "line": 51}
{"timestamp": "2026-01-04T08:44:04.579295", "level": "INFO", "logger": "src.main", "message": "Vector store stats: {'vectors_count': 69, 'segments_count': 2, 'disk_usage': 0, 'ram_usage': 0, 'collection_name': 'book_content'}", "module": "main", "function": "startup_event", "line": 71}
{"timestamp": "2026-01-04T08:44:04.580294", "level": "INFO", "logger": "src.main", "message": "Application startup complete", "module": "main", "function": "startup_event", "line": 75}
{"timestamp": "2026-01-04T08:46:21.814319", "level": "INFO", "logger": "root", "message": "Collection book_content already exists", "module": "vector_store", "function": "_create_collection_if_not_exists", "line": 51}
{"timestamp": "2026-01-11T08:59:03.202409", "level": "ERROR", "logger": "root", "message": "Unexpected error when checking collection: [Errno 11001] getaddrinfo failed", "module": "vector_store", "function": "_create_collection_if_not_exists", "line": 90}
{"timestamp": "2026-01-11T08:59:37.424647", "level": "ERROR", "logger": "root", "message": "Unexpected error when checking collection: [Errno 11001] getaddrinfo failed", "module": "vector_store", "function": "_create_collection_if_not_exists", "line": 90}
{"timestamp": "2026-01-11T09:00:12.029716", "level": "ERROR", "logger": "root", "message": "Unexpected error when checking collection: [Errno 11001] getaddrinfo failed", "module": "vector_store", "function": "_create_collection_if_not_exists", "line": 90}
{"timestamp": "2026-01-31T08:59:17.645432", "level": "INFO", "logger": "root", "message": "Collection book_content does not exist, creating it...", "module": "vector_store", "function": "_create_collection_if_not_exists", "line": 63}
{"timestamp": "2026-01-31T08:59:19.079510", "level": "ERROR", "logger": "root", "message": "Failed to create collection book_content: Unexpected Response: 404 (Not Found)\nRaw response content:\nb'404 page not found\\n'", "module": "vector_store", "function": "_create_collection_if_not_exists", "line": 86}
{"timestamp": "2026-02-05T09:10:22.846715", "level": "INFO", "logger": "root", "message": "Collection book_content does not exist, creating it...", "module": "vector_store", "function": "_create_collection_if_not_exists", "line": 63}
{"timestamp": "2026-02-05T09:10:23.024005", "level": "ERROR", "logger": "root", "message": "Failed to create collection book_content: Unexpected Response: 404 (Not Found)\nRaw response content:\nb'404 page not found\\n'", "module": "vector_store", "function": "_create_collection_if_not_exists", "line": 86}
{"timestamp": "2026-02-05T09:16:28.834307", "level": "INFO", "logger": "root", "message": "Collection book_content does not exist, creating it...", "module": "vector_store", "function": "_create_collection_if_not_exists", "line": 63}
{"timestamp": "2026-02-05T09:16:28.989305", "level": "ERROR", "logger": "root", "message": "Failed to create collection book_content: Unexpected Response: 404 (Not Found)\nRaw response content:\nb'404 page not found\\n'", "module": "vector_store", "function": "_create_collection_if_not_exists", "line": 86}
